export const snapshot = {};

snapshot[`Tailwind v4 palette theme override 1`] = `
"
@theme {
  --color-*: initial;

  --color-white: #fff;
  --color-black: #000;

  --color-red-100:oklch(0.966797 0.0171875 20);
  --color-red-500:oklch(0.742188 0.151562 20);
  
  --color-orange-100:oklch(0.966797 0.0171875 43.3333);
  
}"
`;
